// Jest Snapshot v1, https://goo.gl/fbAQLP

exports[`renders NoMatch Component correctly 1`] = `
<div>
  NoMatch
</div>
`;
